-- The C compiler identification is GNU 11.4.0
-- The CXX compiler identification is GNU 11.4.0
-- Detecting C compiler ABI info
-- Detecting C compiler ABI info - done
-- Check for working C compiler: /usr/bin/cc - skipped
-- Detecting C compile features
-- Detecting C compile features - done
-- Detecting CXX compiler ABI info
-- Detecting CXX compiler ABI info - done
-- Check for working CXX compiler: /usr/bin/c++ - skipped
-- Detecting CXX compile features
-- Detecting CXX compile features - done
-- Found ament_cmake: 2.5.4 (/home/orin/ros2_jazzy/install/ament_cmake/share/ament_cmake/cmake)
-- Found Python3: /usr/bin/python3 (found version "3.10.12") found components: Interpreter 
-- Found rclcpp: 28.1.10 (/home/orin/ros2_jazzy/install/rclcpp/share/rclcpp/cmake)
-- Found rosidl_generator_c: 4.6.5 (/home/orin/ros2_jazzy/install/rosidl_generator_c/share/rosidl_generator_c/cmake)
-- Found rosidl_generator_cpp: 4.6.5 (/home/orin/ros2_jazzy/install/rosidl_generator_cpp/share/rosidl_generator_cpp/cmake)
-- Using all available rosidl_typesupport_c: rosidl_typesupport_introspection_c;rosidl_typesupport_fastrtps_c
-- Using all available rosidl_typesupport_cpp: rosidl_typesupport_introspection_cpp;rosidl_typesupport_fastrtps_cpp
-- Found rmw_implementation_cmake: 7.3.2 (/home/orin/ros2_jazzy/install/rmw_implementation_cmake/share/rmw_implementation_cmake/cmake)
-- Found rmw_fastrtps_cpp: 8.4.2 (/home/orin/ros2_jazzy/install/rmw_fastrtps_cpp/share/rmw_fastrtps_cpp/cmake)
-- Found OpenSSL: /usr/lib/aarch64-linux-gnu/libcrypto.so (found version "3.0.2")  
-- Found FastRTPS: /home/orin/ros2_jazzy/install/fastrtps/include (Required is at least version "2.13") 
-- Using RMW implementation 'rmw_fastrtps_cpp' as default
-- Found std_msgs: 5.3.6 (/home/orin/ros2_jazzy/install/std_msgs/share/std_msgs/cmake)
-- Found ament_lint_auto: 0.17.2 (/home/orin/ros2_jazzy/install/ament_lint_auto/share/ament_lint_auto/cmake)
-- Added test 'cppcheck' to perform static code analysis on C / C++ code
-- Configured cppcheck include dirs: 
-- Configured cppcheck exclude dirs and/or files: 
-- Added test 'lint_cmake' to check CMake code style
-- Added test 'uncrustify' to check C / C++ code style
-- Configured uncrustify additional arguments: 
-- Added test 'xmllint' to check XML markup files
-- Configuring done
-- Generating done
-- Build files have been written to: /home/orin/security_parameter/prio_ros2/build/motivation
[ 25%] [32mBuilding CXX object CMakeFiles/talker.dir/src/talker.cpp.o[0m
[ 50%] [32mBuilding CXX object CMakeFiles/listener.dir/src/listener.cpp.o[0m
[ 75%] [32m[1mLinking CXX executable talker[0m
[ 75%] Built target talker
[100%] [32m[1mLinking CXX executable listener[0m
[100%] Built target listener
-- Install configuration: ""
-- Installing: /home/orin/security_parameter/prio_ros2/install/motivation/lib/motivation/talker
-- Set runtime path of "/home/orin/security_parameter/prio_ros2/install/motivation/lib/motivation/talker" to ""
-- Installing: /home/orin/security_parameter/prio_ros2/install/motivation/lib/motivation/listener
-- Set runtime path of "/home/orin/security_parameter/prio_ros2/install/motivation/lib/motivation/listener" to ""
-- Installing: /home/orin/security_parameter/prio_ros2/install/motivation/share/ament_index/resource_index/package_run_dependencies/motivation
-- Installing: /home/orin/security_parameter/prio_ros2/install/motivation/share/ament_index/resource_index/parent_prefix_path/motivation
-- Installing: /home/orin/security_parameter/prio_ros2/install/motivation/share/motivation/environment/ament_prefix_path.sh
-- Installing: /home/orin/security_parameter/prio_ros2/install/motivation/share/motivation/environment/ament_prefix_path.dsv
-- Installing: /home/orin/security_parameter/prio_ros2/install/motivation/share/motivation/environment/path.sh
-- Installing: /home/orin/security_parameter/prio_ros2/install/motivation/share/motivation/environment/path.dsv
-- Installing: /home/orin/security_parameter/prio_ros2/install/motivation/share/motivation/local_setup.bash
-- Installing: /home/orin/security_parameter/prio_ros2/install/motivation/share/motivation/local_setup.sh
-- Installing: /home/orin/security_parameter/prio_ros2/install/motivation/share/motivation/local_setup.zsh
-- Installing: /home/orin/security_parameter/prio_ros2/install/motivation/share/motivation/local_setup.dsv
-- Installing: /home/orin/security_parameter/prio_ros2/install/motivation/share/motivation/package.dsv
-- Installing: /home/orin/security_parameter/prio_ros2/install/motivation/share/ament_index/resource_index/packages/motivation
-- Installing: /home/orin/security_parameter/prio_ros2/install/motivation/share/motivation/cmake/motivationConfig.cmake
-- Installing: /home/orin/security_parameter/prio_ros2/install/motivation/share/motivation/cmake/motivationConfig-version.cmake
-- Installing: /home/orin/security_parameter/prio_ros2/install/motivation/share/motivation/package.xml
